[    0.000000] Linux version 4.15.0-212-generic (buildd@lcy02-amd64-083) (gcc version 7.5.0 (Ubuntu 7.5.0-3ubuntu1~18.04)) #223-Ubuntu SMP Tue May 23 13:09:22 UTC 2023 (Ubuntu 4.15.0-212.223-generic 4.15.18)
[    0.000000] Command line: BOOT_IMAGE=/boot/vmlinuz-4.15.0-212-generic root=LABEL=cloudimg-rootfs ro console=tty1 console=ttyS0
[    0.000000] KERNEL supported cpus:
[    0.000000]   Intel GenuineIntel
[    0.000000]   AMD AuthenticAMD
[    0.000000]   Centaur CentaurHauls
[    0.000000] x86/fpu: Supporting XSAVE feature 0x001: 'x87 floating point registers'
[    0.000000] x86/fpu: Supporting XSAVE feature 0x002: 'SSE registers'
[    0.000000] x86/fpu: Supporting XSAVE feature 0x004: 'AVX registers'
[    0.000000] x86/fpu: xstate_offset[2]:  576, xstate_sizes[2]:  256
[    0.000000] x86/fpu: Enabled xstate features 0x7, context size is 832 bytes, using 'standard' format.
[    0.000000] e820: BIOS-provided physical RAM map:
[    0.000000] BIOS-e820: [mem 0x0000000000000000-0x000000000009fbff] usable
[    0.000000] BIOS-e820: [mem 0x000000000009fc00-0x000000000009ffff] reserved
[    0.000000] BIOS-e820: [mem 0x00000000000f0000-0x00000000000fffff] reserved
[    0.000000] BIOS-e820: [mem 0x0000000000100000-0x000000003ffeffff] usable
[    0.000000] BIOS-e820: [mem 0x000000003fff0000-0x000000003fffffff] ACPI data
[    0.000000] BIOS-e820: [mem 0x00000000fec00000-0x00000000fec00fff] reserved
[    0.000000] BIOS-e820: [mem 0x00000000fee00000-0x00000000fee00fff] reserved
[    0.000000] BIOS-e820: [mem 0x00000000fffc0000-0x00000000ffffffff] reserved
[    0.000000] NX (Execute Disable) protection: active
[    0.000000] SMBIOS 2.5 present.
[    0.000000] DMI: innotek GmbH VirtualBox/VirtualBox, BIOS VirtualBox 12/01/2006
[    0.000000] Hypervisor detected: KVM
[    0.000000] e820: last_pfn = 0x3fff0 max_arch_pfn = 0x400000000
[    0.000000] MTRR: Disabled
[    0.000000] x86/PAT: MTRRs disabled, skipping PAT initialization too.
[    0.000000] CPU MTRRs all blank - virtualized system.
[    0.000000] x86/PAT: Configuration [0-7]: WB  WT  UC- UC  WB  WT  UC- UC  
[    0.000000] found SMP MP-table at [mem 0x0009fff0-0x0009ffff]
[    0.000000] Scanning 1 areas for low memory corruption
[    0.000000] RAMDISK: [mem 0x359cb000-0x36cdcfff]
[    0.000000] ACPI: Early table checksum verification disabled
[    0.000000] ACPI: RSDP 0x00000000000E0000 000024 (v02 VBOX  )
[    0.000000] ACPI: XSDT 0x000000003FFF0030 00003C (v01 VBOX   VBOXXSDT 00000001 ASL  00000061)
[    0.000000] ACPI: FACP 0x000000003FFF00F0 0000F4 (v04 VBOX   VBOXFACP 00000001 ASL  00000061)
[    0.000000] ACPI: DSDT 0x000000003FFF0610 002353 (v02 VBOX   VBOXBIOS 00000002 INTL 20200925)
[    0.000000] ACPI: FACS 0x000000003FFF0200 000040
[    0.000000] ACPI: FACS 0x000000003FFF0200 000040
[    0.000000] ACPI: APIC 0x000000003FFF0240 00005C (v02 VBOX   VBOXAPIC 00000001 ASL  00000061)
[    0.000000] ACPI: SSDT 0x000000003FFF02A0 00036C (v01 VBOX   VBOXCPUT 00000002 INTL 20200925)
[    0.000000] ACPI: Reserving FACP table memory at [mem 0x3fff00f0-0x3fff01e3]
[    0.000000] ACPI: Reserving DSDT table memory at [mem 0x3fff0610-0x3fff2962]
[    0.000000] ACPI: Reserving FACS table memory at [mem 0x3fff0200-0x3fff023f]
[    0.000000] ACPI: Reserving FACS table memory at [mem 0x3fff0200-0x3fff023f]
[    0.000000] ACPI: Reserving APIC table memory at [mem 0x3fff0240-0x3fff029b]
[    0.000000] ACPI: Reserving SSDT table memory at [mem 0x3fff02a0-0x3fff060b]
[    0.000000] No NUMA configuration found
[    0.000000] Faking a node at [mem 0x0000000000000000-0x000000003ffeffff]
[    0.000000] NODE_DATA(0) allocated [mem 0x3ffc5000-0x3ffeffff]
[    0.000000] kvm-clock: cpu 0, msr 0:3ff44001, primary cpu clock
[    0.000000] kvm-clock: Using msrs 4b564d01 and 4b564d00
[    0.000000] kvm-clock: using sched offset of 4256906006 cycles
[    0.000000] clocksource: kvm-clock: mask: 0xffffffffffffffff max_cycles: 0x1cd42e4dffb, max_idle_ns: 881590591483 ns
[    0.000000] Zone ranges:
[    0.000000]   DMA      [mem 0x0000000000001000-0x0000000000ffffff]
[    0.000000]   DMA32    [mem 0x0000000001000000-0x000000003ffeffff]
[    0.000000]   Normal   empty
[    0.000000]   Device   empty
[    0.000000] Movable zone start for each node
[    0.000000] Early memory node ranges
[    0.000000]   node   0: [mem 0x0000000000001000-0x000000000009efff]
[    0.000000]   node   0: [mem 0x0000000000100000-0x000000003ffeffff]
[    0.000000] Reserved but unavailable: 104 pages
[    0.000000] Initmem setup node 0 [mem 0x0000000000001000-0x000000003ffeffff]
[    0.000000] ACPI: PM-Timer IO Port: 0x4008
[    0.000000] IOAPIC[0]: apic_id 2, version 32, address 0xfec00000, GSI 0-23
[    0.000000] ACPI: INT_SRC_OVR (bus 0 bus_irq 0 global_irq 2 dfl dfl)
[    0.000000] ACPI: INT_SRC_OVR (bus 0 bus_irq 9 global_irq 9 low level)
[    0.000000] Using ACPI (MADT) for SMP configuration information
[    0.000000] smpboot: Allowing 2 CPUs, 0 hotplug CPUs
[    0.000000] PM: Registered nosave memory: [mem 0x00000000-0x00000fff]
[    0.000000] PM: Registered nosave memory: [mem 0x0009f000-0x0009ffff]
[    0.000000] PM: Registered nosave memory: [mem 0x000a0000-0x000effff]
[    0.000000] PM: Registered nosave memory: [mem 0x000f0000-0x000fffff]
[    0.000000] e820: [mem 0x40000000-0xfebfffff] available for PCI devices
[    0.000000] Booting paravirtualized kernel on KVM
[    0.000000] clocksource: refined-jiffies: mask: 0xffffffff max_cycles: 0xffffffff, max_idle_ns: 7645519600211568 ns
[    0.000000] setup_percpu: NR_CPUS:8192 nr_cpumask_bits:2 nr_cpu_ids:2 nr_node_ids:1
[    0.000000] percpu: Embedded 50 pages/cpu s167936 r8192 d28672 u1048576
[    0.000000] PV qspinlock hash table entries: 256 (order: 0, 4096 bytes)
[    0.000000] Built 1 zonelists, mobility grouping on.  Total pages: 257913
[    0.000000] Policy zone: DMA32
[    0.000000] Kernel command line: BOOT_IMAGE=/boot/vmlinuz-4.15.0-212-generic root=LABEL=cloudimg-rootfs ro console=tty1 console=ttyS0
[    0.000000] Memory: 982644K/1048120K available (12300K kernel code, 2477K rwdata, 4324K rodata, 2480K init, 2720K bss, 65476K reserved, 0K cma-reserved)
[    0.000000] SLUB: HWalign=64, Order=0-3, MinObjects=0, CPUs=2, Nodes=1
[    0.000000] Kernel/User page tables isolation: enabled
[    0.000000] ftrace: allocating 39508 entries in 155 pages
[    0.004000] Hierarchical RCU implementation.
[    0.004000] 	RCU restricting CPUs from NR_CPUS=8192 to nr_cpu_ids=2.
[    0.004000] 	Tasks RCU enabled.
[    0.004000] RCU: Adjusting geometry for rcu_fanout_leaf=16, nr_cpu_ids=2
[    0.004000] NR_IRQS: 524544, nr_irqs: 440, preallocated irqs: 16
[    0.004000] random: crng init done
[    0.004000] Console: colour VGA+ 80x25
[    0.004000] console [tty1] enabled
[    0.004000] console [ttyS0] enabled
[    0.004000] ACPI: Core revision 20170831
[    0.004000] ACPI: 2 ACPI AML tables successfully acquired and loaded
[    0.004000] APIC: Switch to symmetric I/O mode setup
[    0.004000] x2apic enabled
[    0.004000] Switched APIC routing to physical x2apic.
[    0.004000] ..TIMER: vector=0x30 apic1=0 pin1=2 apic2=-1 pin2=-1
[    0.004000] tsc: Detected 2111.960 MHz processor
[    0.004000] Calibrating delay loop (skipped) preset value.. 4223.92 BogoMIPS (lpj=8447840)
[    0.004000] pid_max: default: 32768 minimum: 301
[    0.004000] Security Framework initialized
[    0.004000] Yama: becoming mindful.
[    0.004000] AppArmor: AppArmor initialized
[    0.004000] Dentry cache hash table entries: 131072 (order: 8, 1048576 bytes)
[    0.004088] Inode-cache hash table entries: 65536 (order: 7, 524288 bytes)
[    0.005198] Mount-cache hash table entries: 2048 (order: 2, 16384 bytes)
[    0.008007] Mountpoint-cache hash table entries: 2048 (order: 2, 16384 bytes)
[    0.009387] Last level iTLB entries: 4KB 64, 2MB 8, 4MB 8
[    0.010288] Last level dTLB entries: 4KB 64, 2MB 0, 4MB 0, 1GB 4
[    0.012004] Spectre V1 : Mitigation: usercopy/swapgs barriers and __user pointer sanitization
[    0.013397] Spectre V2 : Mitigation: Retpolines
[    0.014170] Spectre V2 : Spectre v2 / SpectreRSB mitigation: Filling RSB on context switch
[    0.016001] Spectre V2 : Spectre v2 / SpectreRSB : Filling RSB on VMEXIT
[    0.017026] RETBleed: WARNING: Spectre v2 mitigation leaves CPU vulnerable to RETBleed attacks, data leaks possible!
[    0.020001] RETBleed: Vulnerable
[    0.020579] Speculative Store Bypass: Vulnerable
[    0.021424] MDS: Mitigation: Clear CPU buffers
[    0.022143] MMIO Stale Data: Mitigation: Clear CPU buffers
[    0.022992] SRBDS: Unknown: Dependent on hypervisor status
[    0.024195] Freeing SMP alternatives memory: 36K
[    0.135016] smpboot: CPU0: Intel(R) Core(TM) i7-8650U CPU @ 1.90GHz (family: 0x6, model: 0x8e, stepping: 0xa)
[    0.136000] Performance Events: unsupported p6 CPU model 142 no PMU driver, software events only.
[    0.136000] Hierarchical SRCU implementation.
[    0.136441] NMI watchdog: Perf event create on CPU 0 failed with -2
[    0.137427] NMI watchdog: Perf NMI watchdog permanently disabled
[    0.138521] smp: Bringing up secondary CPUs ...
[    0.139350] x86: Booting SMP configuration:
[    0.140002] .... node  #0, CPUs:      #1
[    0.004000] kvm-clock: cpu 1, msr 0:3ff44041, secondary cpu clock
[    0.143269] smp: Brought up 1 node, 2 CPUs
[    0.144005] smpboot: Max logical packages: 1
[    0.144688] smpboot: Total of 2 processors activated (8447.84 BogoMIPS)
[    0.145875] devtmpfs: initialized
[    0.145875] x86/mm: Memory block size: 128MB
[    0.145875] evm: security.selinux
[    0.148003] evm: security.SMACK64
[    0.148642] evm: security.SMACK64EXEC
[    0.149325] evm: security.SMACK64TRANSMUTE
[    0.150080] evm: security.SMACK64MMAP
[    0.150771] evm: security.apparmor
[    0.151441] evm: security.ima
[    0.152002] evm: security.capability
[    0.152708] clocksource: jiffies: mask: 0xffffffff max_cycles: 0xffffffff, max_idle_ns: 7645041785100000 ns
[    0.153635] futex hash table entries: 512 (order: 3, 32768 bytes)
[    0.154681] pinctrl core: initialized pinctrl subsystem
[    0.157878] RTC time: 17:16:27, date: 05/15/24
[    0.158869] NET: Registered protocol family 16
[    0.160081] audit: initializing netlink subsys (disabled)
[    0.161044] audit: type=2000 audit(1715793393.612:1): state=initialized audit_enabled=0 res=1
[    0.161484] cpuidle: using governor ladder
[    0.161484] cpuidle: using governor menu
[    0.161572] ACPI: bus type PCI registered
[    0.162331] acpiphp: ACPI Hot Plug PCI Controller Driver version: 0.5
[    0.163491] PCI: Using configuration type 1 for base access
[    0.165005] HugeTLB registered 2.00 MiB page size, pre-allocated 0 pages
[    0.168058] ACPI: Added _OSI(Module Device)
[    0.168786] ACPI: Added _OSI(Processor Device)
[    0.169512] ACPI: Added _OSI(3.0 _SCP Extensions)
[    0.170284] ACPI: Added _OSI(Processor Aggregator Device)
[    0.172003] ACPI: Added _OSI(Linux-Dell-Video)
[    0.172790] ACPI: Added _OSI(Linux-Lenovo-NV-HDMI-Audio)
[    0.173631] ACPI: Added _OSI(Linux-HPI-Hybrid-Graphics)
[    0.174748] ACPI: Executed 1 blocks of module-level executable AML code
[    0.180265] ACPI: Interpreter enabled
[    0.180958] ACPI: (supports S0 S5)
[    0.181595] ACPI: Using IOAPIC for interrupt routing
[    0.182677] PCI: Using host bridge windows from ACPI; if necessary, use "pci=nocrs" and report a bug
[    0.184142] ACPI: Enabled 2 GPEs in block 00 to 07
[    0.190591] ACPI: PCI Root Bridge [PCI0] (domain 0000 [bus 00-ff])
[    0.191607] acpi PNP0A03:00: _OSC: OS supports [ASPM ClockPM Segments MSI]
[    0.192502] acpi PNP0A03:00: _OSC: not requesting OS control; OS requires [ExtendedConfig ASPM ClockPM MSI]
[    0.194080] acpi PNP0A03:00: fail to add MMCONFIG information, can't access extended PCI configuration space under this bridge.
[    0.196314] PCI host bridge to bus 0000:00
[    0.198170] pci_bus 0000:00: root bus resource [io  0x0000-0x0cf7 window]
[    0.200006] pci_bus 0000:00: root bus resource [io  0x0d00-0xffff window]
[    0.201099] pci_bus 0000:00: root bus resource [mem 0x000a0000-0x000bffff window]
[    0.202400] pci_bus 0000:00: root bus resource [mem 0x40000000-0xfdffffff window]
[    0.204002] pci_bus 0000:00: root bus resource [bus 00-ff]
[    0.206312] pci 0000:00:01.1: legacy IDE quirk: reg 0x10: [io  0x01f0-0x01f7]
[    0.207458] pci 0000:00:01.1: legacy IDE quirk: reg 0x14: [io  0x03f6]
[    0.208005] pci 0000:00:01.1: legacy IDE quirk: reg 0x18: [io  0x0170-0x0177]
[    0.209256] pci 0000:00:01.1: legacy IDE quirk: reg 0x1c: [io  0x0376]
[    0.227444] pci 0000:00:07.0: quirk: [io  0x4000-0x403f] claimed by PIIX4 ACPI
[    0.228022] pci 0000:00:07.0: quirk: [io  0x4100-0x410f] claimed by PIIX4 SMB
[    0.242449] ACPI: PCI Interrupt Link [LNKA] (IRQs 5 9 10 *11)
[    0.244000] ACPI: PCI Interrupt Link [LNKB] (IRQs 5 9 *10 11)
[    0.244000] ACPI: PCI Interrupt Link [LNKC] (IRQs 5 *9 10 11)
[    0.244159] ACPI: PCI Interrupt Link [LNKD] (IRQs 5 9 10 *11)
[    0.248577] SCSI subsystem initialized
[    0.249650] pci 0000:00:02.0: vgaarb: setting as boot VGA device
[    0.249650] pci 0000:00:02.0: vgaarb: VGA device added: decodes=io+mem,owns=io+mem,locks=none
[    0.252018] pci 0000:00:02.0: vgaarb: bridge control possible
[    0.253431] vgaarb: loaded
[    0.256074] ACPI: bus type USB registered
[    0.257167] usbcore: registered new interface driver usbfs
[    0.258594] usbcore: registered new interface driver hub
[    0.260017] usbcore: registered new device driver usb
[    0.261335] EDAC MC: Ver: 3.0.0
[    0.261335] PCI: Using ACPI for IRQ routing
[    0.264365] NetLabel: Initializing
[    0.265293] NetLabel:  domain hash size = 128
[    0.266394] NetLabel:  protocols = UNLABELED CIPSOv4 CALIPSO
[    0.268028] NetLabel:  unlabeled traffic allowed by default
[    0.269477] clocksource: Switched to clocksource kvm-clock
[    0.291664] VFS: Disk quotas dquot_6.6.0
[    0.292841] VFS: Dquot-cache hash table entries: 512 (order 0, 4096 bytes)
[    0.294716] AppArmor: AppArmor Filesystem Enabled
[    0.296003] pnp: PnP ACPI init
[    0.296802] pnp: PnP ACPI: found 3 devices
[    0.312524] clocksource: acpi_pm: mask: 0xffffff max_cycles: 0xffffff, max_idle_ns: 2085701024 ns
[    0.315106] NET: Registered protocol family 2
[    0.316487] IP idents hash table entries: 16384 (order: 5, 131072 bytes)
[    0.322069] TCP established hash table entries: 8192 (order: 4, 65536 bytes)
[    0.324174] TCP bind hash table entries: 8192 (order: 5, 131072 bytes)
[    0.326016] TCP: Hash tables configured (established 8192 bind 8192)
[    0.327485] UDP hash table entries: 512 (order: 2, 16384 bytes)
[    0.328139] UDP-Lite hash table entries: 512 (order: 2, 16384 bytes)
[    0.328139] NET: Registered protocol family 1
[    0.328139] pci 0000:00:00.0: Limiting direct PCI/PCI transfers
[    0.328139] pci 0000:00:01.0: Activating ISA DMA hang workarounds
[    0.328139] pci 0000:00:02.0: Video device with shadowed ROM at [mem 0x000c0000-0x000dffff]
[    0.328139] Unpacking initramfs...
[    0.686608] Freeing initrd memory: 19528K
[    0.687698] clocksource: tsc: mask: 0xffffffffffffffff max_cycles: 0x1e7152cf172, max_idle_ns: 440795300982 ns
[    0.689684] platform rtc_cmos: registered platform RTC device (no PNP device found)
[    0.691155] Scanning for low memory corruption every 60 seconds
[    0.692984] Initialise system trusted keyrings
[    0.693921] Key type blacklist registered
[    0.694886] workingset: timestamp_bits=36 max_order=18 bucket_order=0
[    0.696782] zbud: loaded
[    0.697734] squashfs: version 4.0 (2009/01/31) Phillip Lougher
[    0.698725] fuse init (API version 7.26)
[    0.700759] Key type asymmetric registered
[    0.701596] Asymmetric key parser 'x509' registered
[    0.702546] Block layer SCSI generic (bsg) driver version 0.4 loaded (major 246)
[    0.704237] io scheduler noop registered
[    0.705065] io scheduler deadline registered
[    0.705905] io scheduler cfq registered (default)
[    0.707156] ACPI: AC Adapter [AC] (on-line)
[    0.708034] input: Power Button as /devices/LNXSYSTM:00/LNXPWRBN:00/input/input0
[    0.709481] ACPI: Power Button [PWRF]
[    0.710490] input: Sleep Button as /devices/LNXSYSTM:00/LNXSLPBN:00/input/input1
[    0.711943] ACPI: Sleep Button [SLPF]
[    0.713835] ACPI: Battery Slot [BAT0] (battery present)
[    0.714978] Serial: 8250/16550 driver, 32 ports, IRQ sharing enabled
[    0.736851] 00:02: ttyS0 at I/O 0x3f8 (irq = 4, base_baud = 115200) is a 16550A
[    0.740639] Linux agpgart interface v0.103
[    0.744776] loop: module loaded
[    0.746069] scsi host0: ata_piix
[    0.746855] scsi host1: ata_piix
[    0.747525] ata1: PATA max UDMA/33 cmd 0x1f0 ctl 0x3f6 bmdma 0xd000 irq 14
[    0.748714] ata2: PATA max UDMA/33 cmd 0x170 ctl 0x376 bmdma 0xd008 irq 15
[    0.750031] tun: Universal TUN/TAP device driver, 1.6
[    0.751042] PPP generic driver version 2.4.2
[    0.751959] ehci_hcd: USB 2.0 'Enhanced' Host Controller (EHCI) Driver
[    0.753427] ehci-pci: EHCI PCI platform driver
[    0.754505] ehci-platform: EHCI generic platform driver
[    0.755721] ohci_hcd: USB 1.1 'Open' Host Controller (OHCI) Driver
[    0.757184] ohci-pci: OHCI PCI platform driver
[    0.758379] ohci-platform: OHCI generic platform driver
[    0.759596] uhci_hcd: USB Universal Host Controller Interface driver
[    0.760810] i8042: PNP: PS/2 Controller [PNP0303:PS2K,PNP0f03:PS2M] at 0x60,0x64 irq 1,12
[    0.762712] serio: i8042 KBD port at 0x60,0x64 irq 1
[    0.763670] serio: i8042 AUX port at 0x60,0x64 irq 12
[    0.764841] mousedev: PS/2 mouse device common for all mice
[    0.766492] input: AT Translated Set 2 keyboard as /devices/platform/i8042/serio0/input/input2
[    0.768275] rtc_cmos rtc_cmos: rtc core: registered rtc_cmos as rtc0
[    0.769455] rtc_cmos rtc_cmos: alarms up to one day, 114 bytes nvram
[    0.770506] i2c /dev entries driver
[    0.771160] device-mapper: uevent: version 1.0.3
[    0.772066] device-mapper: ioctl: 4.37.0-ioctl (2017-09-20) initialised: dm-devel@redhat.com
[    0.773561] ledtrig-cpu: registered to indicate activity on CPUs
[    0.774918] NET: Registered protocol family 10
[    0.779328] Segment Routing with IPv6
[    0.780010] NET: Registered protocol family 17
[    0.780778] Key type dns_resolver registered
[    0.781789] mce: Using 0 MCE banks
[    0.782404] RAS: Correctable Errors collector initialized.
[    0.783309] sched_clock: Marking stable (781759183, 0)->(973568920, -191809737)
[    0.785018] registered taskstats version 1
[    0.785765] Loading compiled-in X.509 certificates
[    0.788304] Loaded X.509 cert 'Build time autogenerated kernel key: b5b26778eaa3ab3a4a6cee031137706e947d12ad'
[    0.790305] Loaded X.509 cert 'Canonical Ltd. Live Patch Signing: 14df34d1a87cf37625abec039ef2bf521249b969'
[    0.792248] Loaded X.509 cert 'Canonical Ltd. Kernel Module Signing: 88f752e560a1e0737e31163a466ad7b70a850c19'
[    0.793755] blacklist: Loading compiled-in revocation X.509 certificates
[    0.794873] Loaded X.509 cert 'Canonical Ltd. Secure Boot Signing: 61482aa2830d0ab2ad5af10b7250da9033ddcef0'
[    0.796421] Loaded X.509 cert 'Canonical Ltd. Secure Boot Signing (2017): 242ade75ac4a15e50d50c84b0d45ff3eae707a03'
[    0.798007] Loaded X.509 cert 'Canonical Ltd. Secure Boot Signing (ESM 2018): 365188c1d374d6b07c3c8f240f8ef722433d6a8b'
[    0.799605] Loaded X.509 cert 'Canonical Ltd. Secure Boot Signing (2019): c0746fd6c5da3ae827864651ad66ae47fe24b3e8'
[    0.801345] Loaded X.509 cert 'Canonical Ltd. Secure Boot Signing (2021 v1): a8d54bbb3825cfb94fa13c9f8a594a195c107b8d'
[    0.803086] Loaded X.509 cert 'Canonical Ltd. Secure Boot Signing (2021 v2): 4cf046892d6fd3c9a5b03f98d845f90851dc6a8c'
[    0.804960] Loaded X.509 cert 'Canonical Ltd. Secure Boot Signing (2021 v3): 100437bb6de6e469b581e61cd66bce3ef4ed53af'
[    0.806813] Loaded X.509 cert 'Canonical Ltd. Secure Boot Signing (Ubuntu Core 2019): c1d57b8f6b743f23ee41f4f7ee292f06eecadfb9'
[    0.808766] zswap: loaded using pool lzo/zbud
[    0.812782] Key type big_key registered
[    0.813543] Key type trusted registered
[    0.815707] Key type encrypted registered
[    0.816457] AppArmor: AppArmor sha1 policy hashing enabled
[    0.817460] ima: No TPM chip found, activating TPM-bypass! (rc=-19)
[    0.818409] ima: Allocated hash algorithm: sha1
[    0.819105] evm: HMAC attrs: 0x1
[    0.819822]   Magic number: 8:643:289
[    0.820500] tty tty22: hash matches
[    0.821176] rtc_cmos rtc_cmos: setting system clock to 2024-05-15 17:16:28 UTC (1715793388)
[    0.822507] BIOS EDD facility v0.16 2004-Jun-25, 0 devices found
[    0.823398] EDD information not available.
[    0.962163] Freeing unused kernel image memory: 2480K
[    1.144719] Write protecting the kernel read-only data: 20480k
[    1.153288] Freeing unused kernel image memory: 2008K
[    1.159886] Freeing unused kernel image memory: 1820K
[    1.190789] x86/mm: Checked W+X mappings: passed, no W+X pages found.
[    1.192993] x86/mm: Checking user space page tables
[    1.206331] x86/mm: Checked W+X mappings: passed, no W+X pages found.
Loading, please wait...
starting version 237
[    1.299752] e1000: Intel(R) PRO/1000 Network Driver - version 7.3.21-k8-NAPI
[    1.301139] e1000: Copyright (c) 1999-2006 Intel Corporation.
[    1.316171] Fusion MPT base driver 3.04.20
[    1.317011] Copyright (c) 1999-2008 LSI Corporation
[    1.330091] AVX2 version of gcm_enc/dec engaged.
[    1.331101] AES CTR mode by8 optimization enabled
[    1.335445] Fusion MPT SPI Host driver 3.04.20
[    1.513379] input: ImExPS/2 Generic Explorer Mouse as /devices/platform/i8042/serio1/input/input4
[    1.725463] e1000 0000:00:03.0 eth0: (PCI:33MHz:32-bit) 02:3b:7b:b7:3b:2d
[    1.728144] e1000 0000:00:03.0 eth0: Intel(R) PRO/1000 Network Connection
[    2.134799] e1000 0000:00:08.0 eth1: (PCI:33MHz:32-bit) 08:00:27:aa:a1:8a
[    2.138501] e1000 0000:00:08.0 eth1: Intel(R) PRO/1000 Network Connection
[    2.141876] e1000 0000:00:03.0 enp0s3: renamed from eth0
[    2.144162] mptbase: ioc0: Initiating bringup
[    2.156584] e1000 0000:00:08.0 enp0s8: renamed from eth1
[    2.269445] ioc0: LSI53C1030 A0: Capabilities={Initiator}
[    2.515256] scsi host2: ioc0: LSI53C1030 A0, FwRev=00000000h, Ports=1, MaxQ=256, IRQ=20
[    2.686413] scsi 2:0:0:0: Direct-Access     VBOX     HARDDISK         1.0  PQ: 0 ANSI: 5
[    2.760997] scsi target2:0:0: Beginning Domain Validation
[    2.771155] scsi target2:0:0: Domain Validation skipping write tests
[    2.775900] scsi target2:0:0: Ending Domain Validation
[    2.780080] scsi target2:0:0: asynchronous
[    2.786350] scsi 2:0:1:0: Direct-Access     VBOX     HARDDISK         1.0  PQ: 0 ANSI: 5
[    3.530783] scsi target2:0:1: Beginning Domain Validation
[    3.540302] scsi target2:0:1: Domain Validation skipping write tests
[    3.545113] scsi target2:0:1: Ending Domain Validation
[    3.549390] scsi target2:0:1: asynchronous
[    3.568642] sd 2:0:0:0: Attached scsi generic sg0 type 0
[    3.571234] sd 2:0:1:0: Attached scsi generic sg1 type 0
[    3.573102] sd 2:0:0:0: [sda] 83886080 512-byte logical blocks: (42.9 GB/40.0 GiB)
[    3.576610] sd 2:0:0:0: [sda] Write Protect is off
[    3.578239] sd 2:0:1:0: [sdb] 20480 512-byte logical blocks: (10.5 MB/10.0 MiB)
[    3.581011] sd 2:0:1:0: [sdb] Write Protect is off
[    3.582790] sd 2:0:0:0: [sda] Incomplete mode parameter data
[    3.584624] sd 2:0:0:0: [sda] Assuming drive cache: write through
[    3.586518] sd 2:0:1:0: [sdb] Incomplete mode parameter data
[    3.588294] sd 2:0:1:0: [sdb] Assuming drive cache: write through
[    3.598435]  sda: sda1
[    3.601677] sd 2:0:0:0: [sda] Attached SCSI disk
[    3.604525] sd 2:0:1:0: [sdb] Attached SCSI disk
Begin: Loading essential drivers ... [    5.275830] raid6: sse2x1   gen() 15401 MB/s
[    5.327743] raid6: sse2x1   xor() 10261 MB/s
[    5.380138] raid6: sse2x2   gen() 17182 MB/s
[    5.435783] raid6: sse2x2   xor() 12726 MB/s
[    5.496352] raid6: sse2x4   gen() 21645 MB/s
[    5.544222] raid6: sse2x4   xor() 10017 MB/s
[    5.599997] raid6: avx2x1   gen() 30996 MB/s
[    5.655765] raid6: avx2x1   xor() 20368 MB/s
[    5.719723] raid6: avx2x2   gen() 40486 MB/s
[    5.768470] raid6: avx2x2   xor() 19082 MB/s
[    5.823855] raid6: avx2x4   gen() 40020 MB/s
[    5.876020] raid6: avx2x4   xor() 22253 MB/s
[    5.876859] raid6: using algorithm avx2x2 gen() 40486 MB/s
[    5.877803] raid6: .... xor() 19082 MB/s, rmw enabled
[    5.878678] raid6: using avx2x2 recovery algorithm
[    5.880939] xor: automatically using best checksumming function   avx       
[    5.883757] async_tx: api initialized (async)
done.
Begin: Running /scripts/init-premount ... done.
Begin: Mounting root file system ... Begin: Running /scripts/local-top ... done.
Begin: Running /scripts/local-premount ... [    5.934154] Btrfs loaded, crc32c=crc32c-intel
Scanning for Btrfs filesystems
done.
Warning: fsck not present, so skipping root file system
[    5.994920] EXT4-fs (sda1): mounted filesystem with ordered data mode. Opts: (null)
done.
Begin: Running /scripts/local-bottom ... done.
Begin: Running /scripts/init-bottom ... done.
[    6.546742] ip_tables: (C) 2000-2006 Netfilter Core Team
[    6.600784] systemd[1]: systemd 237 running in system mode. (+PAM +AUDIT +SELINUX +IMA +APPARMOR +SMACK +SYSVINIT +UTMP +LIBCRYPTSETUP +GCRYPT +GNUTLS +ACL +XZ +LZ4 +SECCOMP +BLKID +ELFUTILS +KMOD -IDN2 +IDN -PCRE2 default-hierarchy=hybrid)
[    6.615989] systemd[1]: Detected virtualization oracle.
[    6.620161] systemd[1]: Detected architecture x86-64.

Welcome to [1mUbuntu 18.04.6 LTS[0m!

[    6.638274] systemd[1]: Set hostname to <ubuntu>.
[    6.649332] systemd[1]: Initializing machine ID from random generator.
[    6.650768] systemd[1]: Installed transient /etc/machine-id file.
[    7.761415] systemd[1]: Started Forward Password Requests to Wall Directory Watch.
[[0;32m  OK  [0m] Started Forward Password Requests to Wall Directory Watch.
[    7.770833] systemd[1]: Reached target User and Group Name Lookups.
[[0;32m  OK  [0m] Reached target User and Group Name Lookups.
[    7.778270] systemd[1]: Reached target Swap.
[[0;32m  OK  [0m] Reached target Swap.
[    7.794968] systemd[1]: Created slice User and Session Slice.
[[0;32m  OK  [0m] Created slice User and Session Slice.
[[0;32m  OK  [0m] Set up automount Arbitrary Executabâ€¦rmats File System Automount Point.
[[0;32m  OK  [0m] Reached target System Time Synchronized.
[[0;32m  OK  [0m] Created slice System Slice.
[[0;32m  OK  [0m] Listening on udev Control Socket.
[[0;32m  OK  [0m] Listening on LVM2 metadata daemon socket.
[[0;32m  OK  [0m] Listening on udev Kernel Socket.
[[0;32m  OK  [0m] Listening on Journal Socket.
         Starting Create list of required stâ€¦ce nodes for the current kernel...
[[0;32m  OK  [0m] Listening on Network Service Netlink Socket.
[[0;32m  OK  [0m] Created slice system-serial\x2dgetty.slice.
         Mounting Huge Pages File System...
[[0;32m  OK  [0m] Listening on Syslog Socket.
         Starting Load Kernel Modules...
[[0;32m  OK  [0m] Listening on LVM2 poll daemon socket.
[[0;32m  OK  [0m] Listening on Journal Socket (/dev/log).
[[0;32m  OK  [0m] Reached target Slices.
[[0;32m  OK  [0m] Listening on Device-mapper event daemon FIFOs.
         Mounting Kernel Debug File System...
         Starting Monitoring of LVM2 mirrorsâ€¦ng dmeventd or progress polling...
         Starting Set the console keyboard layout...
[[0;32m  OK  [0m] Listening on Journal Audit Socket.
         Starting Journal Service...
         Starting Uncomplicated firewall...
[[0;32m  OK  [0m] Listening on fsck to fsckd communication Socket.
         Starting File System Check on Root Device...
         Starting udev Coldplug all Devices...
[[0;32m  OK  [0m] Listening on /dev/initctl Compatibility Named Pipe.
         Mounting POSIX Message Queue File System...
[[0;32m  OK  [0m] Reached target Mounting snaps.
[[0;32m  OK  [0m] Reached target Mounted snaps.
[[0;32m  OK  [0m] Started Journal Service.
[[0;32m  OK  [0m] Started Create list of required staâ€¦vice nodes for the current kernel.
[[0;32m  OK  [0m] Mounted Huge Pages File System.
[[0;32m  OK  [0m] Mounted Kernel Debug File System.
[[0;32m  OK  [0m] Started Uncomplicated firewall.
[[0;32m  OK  [0m] Mounted POSIX Message Queue File System.
[[0;32m  OK  [0m] Started File System Check Daemon to report status.
[[0;32m  OK  [0m] Started LVM2 metadata daemon.
         Starting Create Static Device Nodes in /dev...
[    8.284805] Loading iSCSI transport class v2.0-870.
[[0;32m  OK  [0m] Started udev Coldplug all Devices.
[[0;32m  OK  [0m] Started File System Check on Root Device.
         Starting Remount Root and Kernel File Systems...
[    8.447486] iscsi: registered transport (tcp)
[    8.469356] EXT4-fs (sda1): re-mounted. Opts: (null)
[[0;32m  OK  [0m] Started Remount Root and Kernel File Systems.
         Starting Flush Journal to Persistent Storage...
         Starting Load/Save Random Seed...
[[0;32m  OK  [0m] Started Monitoring of LVM2 mirrors,â€¦sing dmeventd or progress polling.
[[0;32m  OK  [0m] Started Create Static Device Nodes in /dev.
         Starting udev Kernel Device Manager...
[    8.612284] iscsi: registered transport (iser)
[[0;32m  OK  [0m] Started Load Kernel Modules.
         Mounting Kernel Configuration File System...
         Mounting FUSE Control File System...
         Starting Apply Kernel Variables...
[[0;32m  OK  [0m] Mounted Kernel Configuration File System.
[[0;32m  OK  [0m] Mounted FUSE Control File System.
[    8.630695] systemd-journald[404]: Received request to flush runtime journal from PID 1
[[0;32m  OK  [0m] Started Load/Save Random Seed.
[[0;32m  OK  [0m] Started udev Kernel Device Manager.
[[0;32m  OK  [0m] Started Apply Kernel Variables.
[[0;32m  OK  [0m] Started Flush Journal to Persistent Storage.
[[0;32m  OK  [0m] Found device /dev/ttyS0.
[[0;32m  OK  [0m] Listening on Load/Save RF Kill Switch Status /dev/rfkill Watch.
         Mounting Arbitrary Executable File Formats File System...
[[0;32m  OK  [0m] Mounted Arbitrary Executable File Formats File System.
[[0;32m  OK  [0m] Started Set the console keyboard layout.
[[0;32m  OK  [0m] Reached target Local File Systems (Pre).
[[0;32m  OK  [0m] Reached target Local File Systems.
         Starting Commit a transient machine-id on disk...
         Starting Tell Plymouth To Write Out Runtime Data...
         Starting AppArmor initialization...
         Starting Create Volatile Files and Directories...
         Starting ebtables ruleset management...
         Starting Set console font and keymap...
[[0;32m  OK  [0m] Started Dispatch Password Requests to Console Directory Watch.
[[0;32m  OK  [0m] Reached target Local Encrypted Volumes.
[[0;32m  OK  [0m] Started Tell Plymouth To Write Out Runtime Data.
[[0;32m  OK  [0m] Started Create Volatile Files and Directories.
         Starting Update UTMP about System Boot/Shutdown...
[[0;32m  OK  [0m] Started Update UTMP about System Boot/Shutdown.
[[0;32m  OK  [0m] Started Commit a transient machine-id on disk.
[[0;32m  OK  [0m] Started ebtables ruleset management.
[[0;32m  OK  [0m] Started Set console font and keymap.
[[0;32m  OK  [0m] Started AppArmor initialization.
         Starting Load AppArmor profiles managed internally by snapd...
         Starting Initial cloud-init job (pre-networking)...
[[0;32m  OK  [0m] Started Load AppArmor profiles managed internally by snapd.
[   16.809341] cloud-init[890]: Cloud-init v. 23.1.2-0ubuntu0~18.04.1 running 'init-local' at Wed, 15 May 2024 17:16:43 +0000. Up 16.10 seconds.
[[0;32m  OK  [0m] Started Initial cloud-init job (pre-networking).
[[0;32m  OK  [0m] Reached target Network (Pre).
         Starting Network Service...
[[0;32m  OK  [0m] Started Network Service.
         Starting Network Name Resolution...
         Starting Wait for Network to be Configured...
[[0;32m  OK  [0m] Started Network Name Resolution.
[[0;32m  OK  [0m] Reached target Host and Network Name Lookups.
[[0;32m  OK  [0m] Reached target Network.
[[0;32m  OK  [0m] Started Wait for Network to be Configured.
         Starting Initial cloud-init job (metadata service crawler)...
[   19.070297] cloud-init[1025]: Cloud-init v. 23.1.2-0ubuntu0~18.04.1 running 'init' at Wed, 15 May 2024 17:16:46 +0000. Up 18.80 seconds.
[   19.072042] cloud-init[1025]: ci-info: ++++++++++++++++++++++++++++++++++++++Net device info+++++++++++++++++++++++++++++++++++++++
[   19.073835] cloud-init[1025]: ci-info: +--------+-------+----------------------------+---------------+--------+-------------------+
[   19.075589] cloud-init[1025]: ci-info: | Device |   Up  |          Address           |      Mask     | Scope  |     Hw-Address    |
[   19.077330] cloud-init[1025]: ci-info: +--------+-------+----------------------------+---------------+--------+-------------------+
[   19.079014] cloud-init[1025]: ci-info: | enp0s3 |  True |         10.0.2.15          | 255.255.255.0 | global | 02:3b:7b:b7:3b:2d |
[   19.092286] cloud-init[1025]: ci-info: | enp0s3 |  True | fe80::3b:7bff:feb7:3b2d/64 |       .       |  link  | 02:3b:7b:b7:3b:2d |
[   19.093975] cloud-init[1025]: ci-info: | enp0s8 | False |             .              |       .       |   .    | 08:00:27:aa:a1:8a |
[   19.095699] cloud-init[1025]: ci-info: |   lo   |  True |         127.0.0.1          |   255.0.0.0   |  host  |         .         |
[   19.108252] cloud-init[1025]: ci-info: |   lo   |  True |          ::1/128           |       .       |  host  |         .         |
[   19.109686] cloud-init[1025]: ci-info: +--------+-------+----------------------------+---------------+--------+-------------------+
[   19.110947] cloud-init[1025]: ci-info: ++++++++++++++++++++++++++++Route IPv4 info+++++++++++++++++++++++++++++
[   19.112357] cloud-init[1025]: ci-info: +-------+-------------+----------+-----------------+-----------+-------+
[   19.124189] cloud-init[1025]: ci-info: | Route | Destination | Gateway  |     Genmask     | Interface | Flags |
[   19.136233] cloud-init[1025]: ci-info: +-------+-------------+----------+-----------------+-----------+-------+
[   19.137420] cloud-init[1025]: ci-info: |   0   |   0.0.0.0   | 10.0.2.2 |     0.0.0.0     |   enp0s3  |   UG  |
[   19.148293] cloud-init[1025]: ci-info: |   1   |   10.0.2.0  | 0.0.0.0  |  255.255.255.0  |   enp0s3  |   U   |
[   19.149633] cloud-init[1025]: ci-info: |   2   |   10.0.2.2  | 0.0.0.0  | 255.255.255.255 |   enp0s3  |   UH  |
[   19.150859] cloud-init[1025]: ci-info: +-------+-------------+----------+-----------------+-----------+-------+
[   19.152122] cloud-init[1025]: ci-info: +++++++++++++++++++Route IPv6 info+++++++++++++++++++
[   19.164259] cloud-init[1025]: ci-info: +-------+-------------+---------+-----------+-------+
[   19.176313] cloud-init[1025]: ci-info: | Route | Destination | Gateway | Interface | Flags |
[   19.177346] cloud-init[1025]: ci-info: +-------+-------------+---------+-----------+-------+
[   19.178482] cloud-init[1025]: ci-info: |   1   |  fe80::/64  |    ::   |   enp0s3  |   U   |
[   19.188276] cloud-init[1025]: ci-info: |   3   |    local    |    ::   |   enp0s3  |   U   |
[   19.189203] cloud-init[1025]: ci-info: |   4   |   ff00::/8  |    ::   |   enp0s3  |   U   |
[   19.190355] cloud-init[1025]: ci-info: +-------+-------------+---------+-----------+-------+
[   20.223246] cloud-init[1025]: Generating public/private rsa key pair.
[   20.223987] cloud-init[1025]: Your identification has been saved in /etc/ssh/ssh_host_rsa_key.
[   20.225307] cloud-init[1025]: Your public key has been saved in /etc/ssh/ssh_host_rsa_key.pub.
[   20.226555] cloud-init[1025]: The key fingerprint is:
[   20.227285] cloud-init[1025]: SHA256:n3lcBrMp+lNCIZXM7e41rStLAJDbQYU0MQI0vszY1Ec root@ubuntu-bionic
[   20.228426] cloud-init[1025]: The key's randomart image is:
[   20.229238] cloud-init[1025]: +---[RSA 2048]----+
[   20.229835] cloud-init[1025]: |   .+.o+EBoo     |
[   20.230461] cloud-init[1025]: |   . o.++o= .    |
[   20.252244] cloud-init[1025]: |    o .ooo oo    |
[   20.252844] cloud-init[1025]: |   * ...... .=   |
[   20.278049] cloud-init[1025]: |  . =   S.o.o o. |
[   20.278714] cloud-init[1025]: |         o.*ooo .|
[   20.296269] cloud-init[1025]: |        . +++. o |
[[   20.309314] [0;32m  OK  [0mcloud-init] [1025]: Started Initial cloud-init job (metadata service crawler).|         ..oo .  |
[   20.309513] cloud-init[1025]: |          ...o.. |
[   20.310053] cloud-init[1025]: +----[SHA256]-----+
[   20.310596] cloud-init[1025]: Generating public/private dsa key pair.
[   20.311189] cloud-init[1025]: Your identification has been saved in /etc/ssh/ssh_host_dsa_key.
[   20.312383] cloud-init[1025]: Your public key has been saved in /etc/ssh/ssh_host_dsa_key.pub.
[   20.312946] cloud-init[1025]: The key fingerprint is:

[   20.313222] cloud-init[1025]: SHA256:c+VORJlc4gEMNHHIk2Ws2LA0RNEm7ouZz97T39+i2EY root@ubuntu-bionic
[[0;32m  OK  [0m] Reached target Cloud-config availability.
[   20.328315] cloud-init[1025]: The key's randomart image is:
[   20.328399] cloud-init[1025]: +---[DSA 1024]----+
[   20.328796] cloud-init[1025]: |     o+==O=o++.  |
[   20.329152] cloud-init[1025]: |      = B+oo+o   |
[   20.329640] cloud-init[1025]: |     o O o  +    |
[   20.330327] cloud-init[1025]: |      + o  +     |
[   20.330951] cloud-init[1025]: |     .  S . o    |
[   20.331464] cloud-init[1025]: |      .  o oE    |
[   20.331869] cloud-init[1025]: |     + . . ..    |
[   20.332588] cloud-init[1025]: |    +.... .o... .|
[   20.333175] cloud-init[1025]: |     o+ ...o+..oo|
[   20.333567] cloud-init[1025]: +----[SHA256]-----+
[   20.334167] cloud-init[1025]: Generating public/private ecdsa key pair.
[   20.334828] cloud-init[1025]: Your identification has been saved in /etc/ssh/ssh_host_ecdsa_key.
[   20.335657] cloud-init[1025]: Your public key has been saved in /etc/ssh/ssh_host_ecdsa_key.pub.
[   20.335802] cloud-init[1025]: The key fingerprint is:
[   20.335994] cloud-init[1025]: SHA256:ee1CsSrn9+KhxULpZsGwU+MNM3emAv9ghhTSq2k9KRA root@ubuntu-bionic
[   20.336872] cloud-init[1025]: The key's randomart image is:
[   20.337515] cloud-init[1025]: +---[ECDSA 256]---+
[   20.337727] cloud-init[1025]: |    ...          |
[   20.338405] cloud-init[1025]: |  E  ...         |
[   20.339054] cloud-init[1025]: |   .  +.* o o    |
[   20.339741] cloud-init[1025]: |  .  ..X X B     |
[   20.340724] cloud-init[1025]: |   . ++.S * .    |
[   20.341342] cloud-init[1025]: |    = +* X .     |
[   20.341965] cloud-init[1025]: |   . ...B * .    |
[   20.342460] cloud-init[1025]: |       * +oo     |
[   20.343084] cloud-init[1025]: |        oo.o.    |
[   20.343514] cloud-init[1025]: +----[SHA256]-----+
[   20.344319] cloud-init[1025]: Generating public/private ed25519 key pair.
[   20.344787] cloud-init[1025]: Your identification has been saved in /etc/ssh/ssh_host_ed25519_key.
[   20.345485] cloud-init[1025]: Your public key has been saved in /etc/ssh/ssh_host_ed25519_key.pub.
[   20.345968] cloud-init[1025]: The key fingerprint is:
[   20.346422] cloud-init[1025]: SHA256:yKcvKB8TRSEVA0hvJYFbINam5J8jrKMS68hjeIOPzJk root@ubuntu-bionic
[   20.346903] cloud-init[1025]: The key's randomart image is:
[   20.347526] cloud-init[1025]: +--[ED25519 256]--+
[   20.347982] cloud-init[1025]: |.o++=+Bo         |
[   20.348758] cloud-init[1025]: |.oo+.= .         |
[   20.349347] cloud-init[1025]: |o ooo .          |
[   20.350020] cloud-init[1025]: | o.. o .         |
[   20.350467] cloud-init[1025]: |. . o o S        |
[   20.350922] cloud-init[1025]: |.o + . o         |
[   20.351360] cloud-init[1025]: |o+. +..          |
[   20.351957] cloud-init[1025]: |%+* .o..         |
[   20.352609] cloud-init[1025]: |OEo+.  ..        |
[   20.353162] cloud-init[1025]: +----[SHA256]-----+
[[0;32m  OK  [0m] Reached target Network is Online.
[[0;32m  OK  [0m] Reached target Remote File Systems (Pre).
[[0;32m  OK  [0m] Reached target Remote File Systems.
         Starting Availability of block devices...
[[0;32m  OK  [0m] Reached target System Initialization.
[[0;32m  OK  [0m] Started Message of the Day.
[[0;32m  OK  [0m] Started ACPI Events Check.
[[0;32m  OK  [0m] Reached target Paths.
[[0;32m  OK  [0m] Listening on Open-iSCSI iscsid Socket.
         Starting Socket activation for snappy daemon.
[[0;32m  OK  [0m] Started Discard unused blocks once a week.
[[0;32m  OK  [0m] Listening on ACPID Listen Socket.
[[0;32m  OK  [0m] Started Ubuntu Advantage Timer for running repeated jobs.
[[0;32m  OK  [0m] Listening on UUID daemon activation socket.
[[0;32m  OK  [0m] Listening on D-Bus System Message Bus Socket.
[[0;32m  OK  [0m] Started Daily apt download activities.
[[0;32m  OK  [0m] Listening on cloud-init hotplug hook socket.
[[0;32m  OK  [0m] Started Daily apt upgrade and clean activities.
         Starting LXD - unix socket.
[[0;32m  OK  [0m] Started Daily Cleanup of Temporary Directories.
[[0;32m  OK  [0m] Reached target Timers.
[[0;32m  OK  [0m] Started Availability of block devices.
[[0;32m  OK  [0m] Listening on Socket activation for snappy daemon.
[[0;32m  OK  [0m] Listening on LXD - unix socket.
[[0;32m  OK  [0m] Reached target Sockets.
[[0;32m  OK  [0m] Reached target Basic System.
[[0;32m  OK  [0m] Reached target Login Prompts (Pre).
         Starting Login Service...
         Starting Pollinate to seed the pseudo random number generator...
         Starting Accounts Service...
         Starting Dispatcher daemon for systemd-networkd...
         Starting LSB: automatic crash report generation...
         Starting Permit User Sessions...
         Starting Snap Daemon...
         Starting LSB: Record successful boot for GRUB...
[[0;32m  OK  [0m] Started D-Bus System Message Bus.
[[0;32m  OK  [0m] Started Login Service.
[[0;32m  OK  [0m] Started Unattended Upgrades Shutdown.
[[0;32m  OK  [0m] Started FUSE filesystem for LXC.
         Starting LXD - container startup/shutdown...
[[0;32m  OK  [0m] Started Deferred execution scheduler.
         Starting System Logging Service...
         Starting Virtualbox guest utils...
[[0;32m  OK  [0m] Started irqbalance daemon.
[[0;32m  OK  [0m] Started Regular background program processing daemon.
[[0;32m  OK  [0m] Started System Logging Service.
[[0;32m  OK  [0m] Started Permit User Sessions.
         Starting Authorization Manager...
         Starting Hold until boot process finishes up...
         Starting Terminate Plymouth Boot Screen...
[[0;32m  OK  [0m] Started Hold until boot process finishes up.
[[0;32m  OK  [0m] Started Serial Getty on ttyS0.
         Starting Set console scheme...
[[0;32m  OK  [0m] Started Terminate Plymouth Boot Screen.
[[0;32m  OK  [0m] Started LSB: automatic crash report generation.
[[0;32m  OK  [0m] Started Set console scheme.
[[0;32m  OK  [0m] Created slice system-getty.slice.
[[0;32m  OK  [0m] Started Getty on tty1.
[[0;32m  OK  [0m] Reached target Login Prompts.
[[0;32m  OK  [0m] Started LSB: Record successful boot for GRUB.
[[0;32m  OK  [0m] Started Authorization Manager.
[[0;32m  OK  [0m] Started Accounts Service.
[[0;32m  OK  [0m] Started LXD - container startup/shutdown.
[[0;32m  OK  [0m] Started Virtualbox guest utils.
[[0;32m  OK  [0m] Started Dispatcher daemon for systemd-networkd.
[[0;32m  OK  [0m] Started Snap Daemon.
         Starting Wait until snapd is fully seeded...
         Starting Time & Date Service...
[[0;32m  OK  [0m] Started Time & Date Service.

Ubuntu 18.04.6 LTS ubuntu-bionic ttyS0

ubuntu-bionic login: [   28.239403] cloud-init[1638]: Cloud-init v. 23.1.2-0ubuntu0~18.04.1 running 'modules:config' at Wed, 15 May 2024 17:16:54 +0000. Up 27.23 seconds.
ci-info: no authorized SSH keys fingerprints found for user ubuntu.
<14>May 15 17:16:57 cloud-init: #############################################################
<14>May 15 17:16:57 cloud-init: -----BEGIN SSH HOST KEY FINGERPRINTS-----
<14>May 15 17:16:57 cloud-init: 1024 SHA256:c+VORJlc4gEMNHHIk2Ws2LA0RNEm7ouZz97T39+i2EY root@ubuntu-bionic (DSA)
<14>May 15 17:16:57 cloud-init: 256 SHA256:ee1CsSrn9+KhxULpZsGwU+MNM3emAv9ghhTSq2k9KRA root@ubuntu-bionic (ECDSA)
<14>May 15 17:16:57 cloud-init: 256 SHA256:yKcvKB8TRSEVA0hvJYFbINam5J8jrKMS68hjeIOPzJk root@ubuntu-bionic (ED25519)
<14>May 15 17:16:57 cloud-init: 2048 SHA256:n3lcBrMp+lNCIZXM7e41rStLAJDbQYU0MQI0vszY1Ec root@ubuntu-bionic (RSA)
<14>May 15 17:16:57 cloud-init: -----END SSH HOST KEY FINGERPRINTS-----
<14>May 15 17:16:57 cloud-init: #############################################################
-----BEGIN SSH HOST KEY KEYS-----
ecdsa-sha2-nistp256 AAAAE2VjZHNhLXNoYTItbmlzdHAyNTYAAAAIbmlzdHAyNTYAAABBBCAyvtwrQwAYiK3BH2u2ZN3eiHRSIn8uJPtU3YAAYRrkfCz7nm307GG7/ovcsJ+p+3R4xTk4+ElPa089QEpFERc= root@ubuntu-bionic
ssh-ed25519 AAAAC3NzaC1lZDI1NTE5AAAAIBIMA0LcdaufmEyEzeNjV+Czsdup72K1dPtgS2dYAuVK root@ubuntu-bionic
ssh-rsa AAAAB3NzaC1yc2EAAAADAQABAAABAQC+EeopXt4lNGL2njfTNXp1h8NgbXQUthjXoKeOGaRckyQnta2E4+Luigvcup6fLdLYQ+JUM2DsW87yVWLcF3V46201KJsIbSqd7zE8P2RXtB5yVFbwXxv7RzqORFjgMivogy6WgtUPfkDTcBODZO+9thUaE90o/jdMTSdu6M5z0tnsJTYV7FxKhJH2gHhkd23Nmkvg1U5OP0cKP53ToP0BR+9qJ+P0RU650jSkAp+mQZFNrP4AZ2fsVyBc2VaeXC4/viP0+eealHP9GwKjY+BfOBhcvwJjbW+IMwQlk0ZeT9hGbJCLH6YJEKgxIaA/t4VUJzoJbRbOPkydpjZO7QB7 root@ubuntu-bionic
-----END SSH HOST KEY KEYS-----
[   29.792909] cloud-init[1734]: Cloud-init v. 23.1.2-0ubuntu0~18.04.1 running 'modules:final' at Wed, 15 May 2024 17:16:56 +0000. Up 29.07 seconds.
[   29.794469] cloud-init[1734]: Cloud-init v. 23.1.2-0ubuntu0~18.04.1 finished at Wed, 15 May 2024 17:16:57 +0000. Datasource DataSourceNoCloud [seed=/dev/sdb][dsmode=net].  Up 29.78 seconds
